// Jest Snapshot v1, https://goo.gl/fbAQLP

exports[`CarDetails Renders with proper data 1`] = `
<div>
  <section>
    <h1
      class="robotoLgBold headerTitle"
    >
      CLC-Klasse
    </h1>
    <div
      class="robotoMd"
    >
      Stock # 63428 - 100.049 KM - Diesel - Yellow
    </div>
    <p
      class="robotoMd"
    >
      This car is currently available and can be delivered as soon as tomorrow morning. Please be aware that delivery times shown in this page are not definitive and may change due to bad weather conditions.
    </p>
  </section>
</div>
`;
